// Jest Snapshot v1, https://goo.gl/fbAQLP

exports[`Caluclate Component should equal snapshot 1`] = `
<div>
  Witaj!
  Tekst
</div>
`;
